1
00:00:00,000 --> 00:00:02,500
Hello world this is Road Studio.

2
00:00:02,500 --> 00:00:05,000
Auto captioning ready for launch.

