node,x,y,cluster
0,0.462910,0.000000,1
1,0.377964,0.500000,0
2,0.377964,0.500000,0
3,0.462910,0.000000,2
4,0.377965,-0.500000,2
5,0.377964,-0.500000,1
