000000000000000011111111
000000000000000111111111
000000000000000111111111
000000000000000111111111
000000000000001111111111
000000000000001111111111
000000000000001111111111
000000000000011111111111
000000000000011111111111
000000000000011111111111
000000000000111111111111
000000000000111111111111
000000000000111111111111
000000000001111111111111
000000000222111111111111
000000222222211111111111
000222222222221111111111
222222222222222111111111
222222222222222211111111
222222222222222221111111
222222222222222222111111
222222222222222222211111
222222222222222222221111
222222222222222222222111
