{
  "goal": "finops_rightsizing",
  "context": {}
}