{
  "goal": "iam_access_review",
  "context": {}
}