{
  "goal": "partner_enablement",
  "context": {}
}