{
  "goal": "pricing_guardrails",
  "context": {}
}