{
  "goal": "revops_forecast_check",
  "context": {}
}