{
  "goal": "treasury_13w_cash",
  "context": {}
}