monthIndex,date,totalSupply,circulating,lockedTeam,lockedTreasury,lockedCommunity,inflationPct,minted,burned,unlockedTeam,unlockedTreasury,unlockedCommunity
0,2025-01,1000000,1000000,0,0,0,0,0,0,0,0,0
1,2025-02,1022500,1022500,0,0,0,2.500000,25000,2500,0,0,0
2,2025-03,1045000,1045000,0,0,0,2.444988,25000,2500,0,0,0
3,2025-04,1067500,1067500,0,0,0,2.392344,25000,2500,0,0,0
4,2025-05,1090000,1090000,0,0,0,2.341920,25000,2500,0,0,0
5,2025-06,1112500,1112500,0,0,0,2.293578,25000,2500,0,0,0
6,2025-07,1135000,1135000,0,0,0,2.247191,25000,2500,0,0,0
