monthIndex,date,totalSupply,circulating,lockedTeam,lockedTreasury,lockedCommunity,inflationPct,minted,burned,unlockedTeam,unlockedTreasury,unlockedCommunity
0,2025-01,3000000,800000,1200000,600000,400000,0,0,0,0,0,0
1,2025-02,3000000,933333.333333,1200000,600000,266666.666667,0,0,0,0,0,133333.333333
2,2025-03,3000000,1216666.666667,1200000,450000,133333.333333,0,0,0,0,150000,133333.333333
3,2025-04,3000000,1700000,1000000,300000,0,0,0,0,200000,150000,133333.333333
4,2025-05,3000000,2050000,800000,150000,0,0,0,0,200000,150000,0
5,2025-06,3000000,2400000,600000,0,0,0,0,0,200000,150000,0
6,2025-07,3000000,2600000,400000,0,0,0,0,0,200000,0,0
