// Vitest Snapshot v1, https://vitest.dev/guide/snapshot.html

exports[`ChatPanel > renders message feed with composer 1`] = `
<div
  class="flex h-full flex-col rounded-lg border border-slate-200 bg-white shadow-sm"
>
  <div
    class="flex items-center justify-between border-b border-slate-200 px-4 py-2"
  >
    <div>
      <h2
        class="text-sm font-semibold text-slate-900"
      >
        Chat
      </h2>
      <p
        class="text-xs text-slate-500"
      >
        Live events for job 
        demo
      </p>
    </div>
    <span
      class="text-xs uppercase text-slate-500"
    >
      ready
    </span>
  </div>
  <div
    class="flex-1 overflow-auto px-4 py-3"
  >
    <ol
      class="space-y-3"
    >
      <li>
        <article
          class="rounded border border-slate-200 bg-white p-3 shadow-sm"
        >
          <header
            class="mb-2 flex items-center justify-between text-xs"
          >
            <span
              class="font-semibold text-slate-800"
            >
              Operator
            </span>
            <span
              class="text-slate-400"
            >
              1/15/2025, 12:00:00 PM
            </span>
          </header>
          <p
            class="whitespace-pre-wrap text-sm text-slate-800"
          >
            Init job run /rerun
          </p>
          <div
            class="mt-3 flex flex-wrap gap-2 text-xs text-slate-500"
          >
            <span
              class="rounded bg-slate-100 px-2 py-1"
            >
              üëç
               
              1
            </span>
          </div>
        </article>
      </li>
      <li>
        <article
          class="rounded border border-slate-200 bg-white p-3 shadow-sm"
        >
          <header
            class="mb-2 flex items-center justify-between text-xs"
          >
            <span
              class="font-semibold text-slate-800"
            >
              Agent
            </span>
            <span
              class="text-slate-400"
            >
              1/15/2025, 12:05:00 PM
            </span>
          </header>
          <p
            class="whitespace-pre-wrap text-sm text-slate-800"
          >
            Run completed, artifact ready.
          </p>
          <ul
            class="mt-3 space-y-2"
          >
            <li
              class="text-xs"
            >
              <a
                class="rounded border border-slate-200 bg-slate-50 px-2 py-1 font-medium text-slate-700 hover:bg-slate-100"
                href="/static/frame1.png"
                rel="noreferrer"
                target="_blank"
              >
                IMAGE
                 ¬∑ 
                /static/frame1.png
              </a>
            </li>
          </ul>
        </article>
      </li>
    </ol>
  </div>
  <form
    class="border-t border-slate-200 p-3"
  >
    <label
      class="mb-2 block text-xs font-semibold text-slate-600"
      for="chat-input"
    >
      Reply
    </label>
    <textarea
      class="h-24 w-full resize-none rounded border border-slate-300 bg-white p-2 text-sm text-slate-800 focus:border-slate-500 focus:outline-none"
      id="chat-input"
      placeholder="Send a note, /command, or link an artifact‚Ä¶"
    />
    <div
      class="mt-2 flex items-center justify-between text-xs text-slate-500"
    >
      <span>
        Supports markdown + /commands
      </span>
      <button
        class="rounded bg-slate-900 px-3 py-1 font-semibold text-white disabled:cursor-not-allowed disabled:opacity-60"
        disabled=""
        type="submit"
      >
        Send
      </button>
    </div>
  </form>
</div>
`;
