{
  "width": 2,
  "height": 2,
  "rgba": [
    [[0, 0, 255, 255], [96, 96, 207, 255]],
    [[96, 96, 207, 255], [255, 255, 127, 255]]
  ]
}
