BRCQUIVER1
width=2
height=2
0.0000,0.3333
0.6667,1.0000
